<html>
<body>
<pre>
<h1>µVision Build Log</h1>
<h2>Tool Versions:</h2>
IDE-Version: µVision V5.24.2.0
Copyright (C) 2017 ARM Ltd and ARM Germany GmbH. All rights reserved.
License Information: Paul chen, McGill University, LIC=----
 
Tool Versions:
Toolchain:       MDK-Lite  Version: 5.24.1
Toolchain Path:  C:\Core\ARM\ARMCC\Bin
C Compiler:      Armcc.exe V5.06 update 5 (build 528)
Assembler:       Armasm.exe V5.06 update 5 (build 528)
Linker/Locator:  ArmLink.exe V5.06 update 5 (build 528)
Library Manager: ArmAr.exe V5.06 update 5 (build 528)
Hex Converter:   FromElf.exe V5.06 update 5 (build 528)
CPU DLL:         SARMCM3.DLL V5.24.1
Dialog DLL:      DCM.DLL V1.16.0.0
Target DLL:      STLink\ST-LINKIII-KEIL_SWO.dll V3.0.1.0
Dialog DLL:      TCM.DLL V1.32.0.0
 
<h2>Project:</h2>
C:\Users\pauli\Documents\GitHub\G13_LAB2\MDK-ARM\G13_LAB2.uvprojx
Project File Date:  02/15/2018

<h2>Output:</h2>
*** Using Compiler 'V5.06 update 5 (build 528)', folder: 'C:\Core\ARM\ARMCC\Bin'
Build target 'G13_LAB2'
compiling main.c...
../Src/main.c(78): warning:  #1295-D: Deprecated declaration buttonPressed - give arg types
  int buttonPressed();
../Src/main.c(158): warning:  #1035-D: single-precision operand implicitly converted to double-precision
  			float test = (float)adc_val*3.0/1023.0;
../Src/main.c(150): warning:  #177-D: variable "dac_val"  was declared but never referenced
  			int dac_val = 0x30;
../Src/main.c(201): warning:  #111-D: statement is unreachable
  	HAL_GPIO_WritePin(GPIOD, LD4_Pin, GPIO_PIN_RESET); // reset LED4
../Src/main.c(97): warning:  #177-D: variable "temp"  was declared but never referenced
  	int temp = 0;
../Src/main.c: 5 warnings, 0 errors
linking...
Program Size: Code=9712 RO-data=468 RW-data=40 ZI-data=1672  
"G13_LAB2\G13_LAB2.axf" - 0 Error(s), 5 Warning(s).

<h2>Software Packages used:</h2>

Package Vendor: ARM
                http://www.keil.com/pack/ARM.CMSIS.5.2.1-dev3.pack
                ARM.CMSIS.5.2.1-dev3
                CMSIS (Cortex Microcontroller Software Interface Standard)
   * Component: CORE Version: 5.0.2

Package Vendor: Keil
                http://www.keil.com/pack/Keil.STM32F4xx_DFP.2.11.0.pack
                Keil.STM32F4xx_DFP.2.11.0
                STMicroelectronics STM32F4 Series Device Support, Drivers and Examples

<h2>Collection of Component include folders:</h2>
  .\RTE\_G13_LAB2
  C:\Core\ARM\PACK\ARM\CMSIS\5.2.1-dev3\CMSIS\Include
  C:\Core\ARM\PACK\Keil\STM32F4xx_DFP\2.11.0\Drivers\CMSIS\Device\ST\STM32F4xx\Include

<h2>Collection of Component Files used:</h2>

   * Component: ARM::CMSIS:CORE:5.0.2
Build Time Elapsed:  00:00:03
</pre>
</body>
</html>
